13 0
###############################
####  ###  ###  ###  ###  #####
####  ###  ###  ###  ###  #####
####  ###  ###  ###  ###  !####
#                             #
#                             #
#                             #
#                             #
#                             #
####  ###  ###  ###  ###   ####
####  ###  ###  ###  ###  #####
####  ###  ###  ###  ###  #####
###############################
###############################
####  ###  ###  ###  ###  #####
####  ###  ###  ###  ###  #####
####  #%#  #%#  #%#  #%#  #####
#                             #
#                             #
#                             d
#                             #
#                             #
####  #%#  #%#  #%#  #%#  ###!#
####  ###  ###  ###  ###  #####
####  ###  ###  ###  ###  #####
###############################
"""""""""""""""""""""""""""""""
"""""""""""""""""""""""""""""""
"""""""""""""""""""""""""""""""
"""""""""""""""""""""""""""""""
"""""""""""""""""""""""""""""""
"""""""""""""""""""""""""""""""
"""""""""""""""""""""""""""""""
"""""""""""""!"""""""""""""""""
"""""""""""""""""""""""""""""""
"""""""""""""""""""""""""""""""
"""""""""""""""""""""""""""""""
"""""""""""""""""""""""""""""""
"""""""""""""""""""""""""""""""
