11 1
$$$$$$$$$$$$$$$$$$$$$$$$$$$$$$$
$$$$$$$$$$$$$$$$$$$$$$$$$$$$$$$
$$$$$$$$$$$$$$$$$$$$$$$$$$$$$$$
$$$$$$$$$$$$$$$$$$$$$$$$$$$$$$$
$$$$$$$$$$$$$$$$$$$$$$$$$$$$$$$
$$$$$$$$$$$$$$$$$$$$$$$$$$$$$$$
$$$$$$$$$$$$$$$$$$$$$$$$$$$$$$$
$$$$$$$$$$$$$$$$$$$$$$$$$$$$$$$
$$$$$$$$$$$$$$$$$$$$$$$$$$$$$$$
$$$$$$$$$$$$$$$$$$$$$$$$$$$$$$$
$$$$$$$$$$$$$$$$$$$$$$$$$$$$$$$
###############################
######################### #####
#              #########   ####
#    # ####### ########     ###
#      #     # #######       ##
c      a     #                #
#      #     # #######       ##
#    # ####### ########     ###
#              #########   ####
######################### #####
###############################
"""""""""""""""""""""""""""""""
"""""""""""""""""""""""""""""""
"""""""""""""""""""""""""""""""
"""""""""""""""""""""""""""""""
"""""""""""""""""""""""""""""""
"""""""""""""""""""""""""""""""
"""""""""""""""""""""""""""""""
"""""""""""""""""""""""""""""""
"""""""""""""""""""""""""""""""
"""""""""""""""""""""""""""""""
"""""""""""""""""""""""""""""""
